Archive member included to satisfy reference by file (symbol)

c:/users/hviei/appdata/roaming/xpacks/@xpack-dev-tools/arm-none-eabi-gcc/9.3.1-1.2.1/.content/bin/../lib/gcc/arm-none-eabi/9.3.1/thumb/v7-m/nofp\libgcc.a(_aeabi_uldivmod.o)
                              ./Libraries/STM32F4xx_HAL_Driver/Src/stm32f4xx_hal_rcc.o (__aeabi_uldivmod)
c:/users/hviei/appdata/roaming/xpacks/@xpack-dev-tools/arm-none-eabi-gcc/9.3.1-1.2.1/.content/bin/../lib/gcc/arm-none-eabi/9.3.1/thumb/v7-m/nofp\libgcc.a(_udivmoddi4.o)
                              c:/users/hviei/appdata/roaming/xpacks/@xpack-dev-tools/arm-none-eabi-gcc/9.3.1-1.2.1/.content/bin/../lib/gcc/arm-none-eabi/9.3.1/thumb/v7-m/nofp\libgcc.a(_aeabi_uldivmod.o) (__udivmoddi4)
c:/users/hviei/appdata/roaming/xpacks/@xpack-dev-tools/arm-none-eabi-gcc/9.3.1-1.2.1/.content/bin/../lib/gcc/arm-none-eabi/9.3.1/thumb/v7-m/nofp\libgcc.a(_dvmd_tls.o)
                              c:/users/hviei/appdata/roaming/xpacks/@xpack-dev-tools/arm-none-eabi-gcc/9.3.1-1.2.1/.content/bin/../lib/gcc/arm-none-eabi/9.3.1/thumb/v7-m/nofp\libgcc.a(_aeabi_uldivmod.o) (__aeabi_ldiv0)
c:/users/hviei/appdata/roaming/xpacks/@xpack-dev-tools/arm-none-eabi-gcc/9.3.1-1.2.1/.content/bin/../lib/gcc/arm-none-eabi/9.3.1/../../../../arm-none-eabi/lib/thumb/v7-m/nofp\libg_nano.a(lib_a-exit.o)
                              c:/users/hviei/appdata/roaming/xpacks/@xpack-dev-tools/arm-none-eabi-gcc/9.3.1-1.2.1/.content/bin/../lib/gcc/arm-none-eabi/9.3.1/../../../../arm-none-eabi/lib/thumb/v7-m/nofp/crt0.o (exit)
c:/users/hviei/appdata/roaming/xpacks/@xpack-dev-tools/arm-none-eabi-gcc/9.3.1-1.2.1/.content/bin/../lib/gcc/arm-none-eabi/9.3.1/../../../../arm-none-eabi/lib/thumb/v7-m/nofp\libg_nano.a(lib_a-impure.o)
                              c:/users/hviei/appdata/roaming/xpacks/@xpack-dev-tools/arm-none-eabi-gcc/9.3.1-1.2.1/.content/bin/../lib/gcc/arm-none-eabi/9.3.1/../../../../arm-none-eabi/lib/thumb/v7-m/nofp\libg_nano.a(lib_a-exit.o) (_global_impure_ptr)
c:/users/hviei/appdata/roaming/xpacks/@xpack-dev-tools/arm-none-eabi-gcc/9.3.1-1.2.1/.content/bin/../lib/gcc/arm-none-eabi/9.3.1/../../../../arm-none-eabi/lib/thumb/v7-m/nofp\libg_nano.a(lib_a-init.o)
                              c:/users/hviei/appdata/roaming/xpacks/@xpack-dev-tools/arm-none-eabi-gcc/9.3.1-1.2.1/.content/bin/../lib/gcc/arm-none-eabi/9.3.1/../../../../arm-none-eabi/lib/thumb/v7-m/nofp/crt0.o (__libc_init_array)
c:/users/hviei/appdata/roaming/xpacks/@xpack-dev-tools/arm-none-eabi-gcc/9.3.1-1.2.1/.content/bin/../lib/gcc/arm-none-eabi/9.3.1/../../../../arm-none-eabi/lib/thumb/v7-m/nofp\libg_nano.a(lib_a-memcpy-stub.o)
                              ./FreeRTOS/Source/queue.o (memcpy)
c:/users/hviei/appdata/roaming/xpacks/@xpack-dev-tools/arm-none-eabi-gcc/9.3.1-1.2.1/.content/bin/../lib/gcc/arm-none-eabi/9.3.1/../../../../arm-none-eabi/lib/thumb/v7-m/nofp\libg_nano.a(lib_a-memset.o)
                              c:/users/hviei/appdata/roaming/xpacks/@xpack-dev-tools/arm-none-eabi-gcc/9.3.1-1.2.1/.content/bin/../lib/gcc/arm-none-eabi/9.3.1/../../../../arm-none-eabi/lib/thumb/v7-m/nofp/crt0.o (memset)
c:/users/hviei/appdata/roaming/xpacks/@xpack-dev-tools/arm-none-eabi-gcc/9.3.1-1.2.1/.content/bin/../lib/gcc/arm-none-eabi/9.3.1/../../../../arm-none-eabi/lib/thumb/v7-m/nofp\libg_nano.a(lib_a-strlen.o)
                              ./system/src/diag/Trace.o (strlen)
c:/users/hviei/appdata/roaming/xpacks/@xpack-dev-tools/arm-none-eabi-gcc/9.3.1-1.2.1/.content/bin/../lib/gcc/arm-none-eabi/9.3.1/../../../../arm-none-eabi/lib/thumb/v7-m/nofp\libg_nano.a(lib_a-vsnprintf.o)
                              ./system/src/diag/Trace.o (vsnprintf)
c:/users/hviei/appdata/roaming/xpacks/@xpack-dev-tools/arm-none-eabi-gcc/9.3.1-1.2.1/.content/bin/../lib/gcc/arm-none-eabi/9.3.1/../../../../arm-none-eabi/lib/thumb/v7-m/nofp\libg_nano.a(lib_a-nano-svfprintf.o)
                              c:/users/hviei/appdata/roaming/xpacks/@xpack-dev-tools/arm-none-eabi-gcc/9.3.1-1.2.1/.content/bin/../lib/gcc/arm-none-eabi/9.3.1/../../../../arm-none-eabi/lib/thumb/v7-m/nofp\libg_nano.a(lib_a-vsnprintf.o) (_svfprintf_r)
c:/users/hviei/appdata/roaming/xpacks/@xpack-dev-tools/arm-none-eabi-gcc/9.3.1-1.2.1/.content/bin/../lib/gcc/arm-none-eabi/9.3.1/../../../../arm-none-eabi/lib/thumb/v7-m/nofp\libg_nano.a(lib_a-nano-vfprintf_i.o)
                              c:/users/hviei/appdata/roaming/xpacks/@xpack-dev-tools/arm-none-eabi-gcc/9.3.1-1.2.1/.content/bin/../lib/gcc/arm-none-eabi/9.3.1/../../../../arm-none-eabi/lib/thumb/v7-m/nofp\libg_nano.a(lib_a-nano-svfprintf.o) (_printf_i)
c:/users/hviei/appdata/roaming/xpacks/@xpack-dev-tools/arm-none-eabi-gcc/9.3.1-1.2.1/.content/bin/../lib/gcc/arm-none-eabi/9.3.1/../../../../arm-none-eabi/lib/thumb/v7-m/nofp\libg_nano.a(lib_a-memchr-stub.o)
[...]
Memory Configuration

Name             Origin             Length             Attributes
FLASH            0x0000000008000000 0x0000000000100000 xr
RAM              0x0000000020000000 0x0000000000020000 xrw
CCMRAM           0x0000000010000000 0x0000000000010000 rw
*default*        0x0000000000000000 0xffffffffffffffff

Linker script and memory map

LOAD c:/users/hviei/appdata/roaming/xpacks/@xpack-dev-tools/arm-none-eabi-gcc/9.3.1-1.2.1/.content/bin/../lib/gcc/arm-none-eabi/9.3.1/thumb/v7-m/nofp/crti.o
LOAD c:/users/hviei/appdata/roaming/xpacks/@xpack-dev-tools/arm-none-eabi-gcc/9.3.1-1.2.1/.content/bin/../lib/gcc/arm-none-eabi/9.3.1/thumb/v7-m/nofp/crtbegin.o
LOAD c:/users/hviei/appdata/roaming/xpacks/@xpack-dev-tools/arm-none-eabi-gcc/9.3.1-1.2.1/.content/bin/../lib/gcc/arm-none-eabi/9.3.1/../../../../arm-none-eabi/lib/thumb/v7-m/nofp/crt0.o
LOAD ./system/src/diag/Trace.o
LOAD ./system/src/diag/trace_impl.o
LOAD ./Libraries/STM32F4xx_HAL_Driver/Src/stm32f4xx_hal.o
LOAD ./Libraries/STM32F4xx_HAL_Driver/Src/stm32f4xx_hal_cortex.o
LOAD ./Libraries/STM32F4xx_HAL_Driver/Src/stm32f4xx_hal_gpio.o
LOAD ./Libraries/STM32F4xx_HAL_Driver/Src/stm32f4xx_hal_rcc.o
LOAD ./Libraries/STM32F4xx_HAL_Driver/Src/stm32f4xx_hal_rcc_ex.o
LOAD ./FreeRTOS/Source/portable/GCC/MemMang/heap_2.o
LOAD ./FreeRTOS/Source/portable/GCC/ARM_CM3/port.o
LOAD ./FreeRTOS/Source/list.o
LOAD ./FreeRTOS/Source/queue.o
LOAD ./FreeRTOS/Source/tasks.o
LOAD ./FreeRTOS/Source/timers.o
LOAD ./irq_FreeRTOS_qemu.o
LOAD ./startup_stm32f407xx.o
LOAD ./stm32f4_discovery.o
LOAD ./system_stm32f4xx.o
START GROUP
LOAD c:/users/hviei/appdata/roaming/xpacks/@xpack-dev-tools/arm-none-eabi-gcc/9.3.1-1.2.1/.content/bin/../lib/gcc/arm-none-eabi/9.3.1/thumb/v7-m/nofp\libgcc.a
LOAD c:/users/hviei/appdata/roaming/xpacks/@xpack-dev-tools/arm-none-eabi-gcc/9.3.1-1.2.1/.content/bin/../lib/gcc/arm-none-eabi/9.3.1/../../../../arm-none-eabi/lib/thumb/v7-m/nofp\libg_nano.a
LOAD c:/users/hviei/appdata/roaming/xpacks/@xpack-dev-tools/arm-none-eabi-gcc/9.3.1-1.2.1/.content/bin/../lib/gcc/arm-none-eabi/9.3.1/../../../../arm-none-eabi/lib/thumb/v7-m/nofp\libc_nano.a
END GROUP
START GROUP
LOAD c:/users/hviei/appdata/roaming/xpacks/@xpack-dev-tools/arm-none-eabi-gcc/9.3.1-1.2.1/.content/bin/../lib/gcc/arm-none-eabi/9.3.1/thumb/v7-m/nofp\libgcc.a
LOAD c:/users/hviei/appdata/roaming/xpacks/@xpack-dev-tools/arm-none-eabi-gcc/9.3.1-1.2.1/.content/bin/../lib/gcc/arm-none-eabi/9.3.1/../../../../arm-none-eabi/lib/thumb/v7-m/nofp\libc_nano.a
END GROUP
LOAD c:/users/hviei/appdata/roaming/xpacks/@xpack-dev-tools/arm-none-eabi-gcc/9.3.1-1.2.1/.content/bin/../lib/gcc/arm-none-eabi/9.3.1/thumb/v7-m/nofp/crtend.o
LOAD c:/users/hviei/appdata/roaming/xpacks/@xpack-dev-tools/arm-none-eabi-gcc/9.3.1-1.2.1/.content/bin/../lib/gcc/arm-none-eabi/9.3.1/thumb/v7-m/nofp/crtn.o
                0x0000000020020000                _estack = 0x20020000
                0x0000000000000200                _Min_Heap_Size = 0x200
                0x0000000000000400                _Min_Stack_Size = 0x400

.isr_vector     0x0000000008000000      0x188
                0x0000000008000000                . = ALIGN (0x4)
 *(.isr_vector)
 .isr_vector    0x0000000008000000      0x188 ./startup_stm32f407xx.o
                0x0000000008000000                g_pfnVectors
                0x0000000008000188                . = ALIGN (0x4)

.text           0x0000000008000190     0x36b8
                0x0000000008000190                . = ALIGN (0x4)
 *(.text)
 .text          0x0000000008000190       0x10 c:/users/hviei/appdata/roaming/xpacks/@xpack-dev-tools/arm-none-eabi-gcc/9.3.1-1.2.1/.content/bin/../lib/gcc/arm-none-eabi/9.3.1/../../../../arm-none-eabi/lib/thumb/v7-m/nofp\libg_nano.a(lib_a-strlen.o)
                0x0000000008000190                strlen
 *(.text*)
 .text.__do_global_dtors_aux
                0x00000000080001a0       0x24 c:/users/hviei/appdata/roaming/xpacks/@xpack-dev-tools/arm-none-eabi-gcc/9.3.1-1.2.1/.content/bin/../lib/gcc/arm-none-eabi/9.3.1/thumb/v7-m/nofp/crtbegin.o
 .text.frame_dummy
                0x00000000080001c4       0x1c c:/users/hviei/appdata/roaming/xpacks/@xpack-dev-tools/arm-none-eabi-gcc/9.3.1-1.2.1/.content/bin/../lib/gcc/arm-none-eabi/9.3.1/thumb/v7-m/nofp/crtbegin.o
 .text.trace_puts
                0x00000000080001e0       0x30 ./system/src/diag/Trace.o
                0x00000000080001e0                trace_puts
 .text.trace_write
                0x0000000008000210       0x1c ./system/src/diag/trace_impl.o
                0x0000000008000210                trace_write
 .text._trace_write_semihosting_debug
                0x000000000800022c       0xaa ./system/src/diag/trace_impl.o
 *fill*         0x00000000080002d6        0x2 
 .text.__NVIC_GetPriorityGrouping
                0x00000000080002d8       0x1c ./Libraries/STM32F4xx_HAL_Driver/Src/stm32f4xx_hal_cortex.o
 .text.__NVIC_EnableIRQ
                0x00000000080002f4       0x38 ./Libraries/STM32F4xx_HAL_Driver/Src/stm32f4xx_hal_cortex.o
 .text.__NVIC_SetPriority
                0x000000000800032c       0x54 ./Libraries/STM32F4xx_HAL_Driver/Src/stm32f4xx_hal_cortex.o
 .text.NVIC_EncodePriority
                0x0000000008000380       0x64 ./Libraries/STM32F4xx_HAL_Driver/Src/stm32f4xx_hal_cortex.o
 .text.HAL_NVIC_SetPriority
                0x00000000080003e4       0x38 ./Libraries/STM32F4xx_HAL_Driver/Src/stm32f4xx_hal_cortex.o
                0x00000000080003e4                HAL_NVIC_SetPriority
 .text.HAL_NVIC_EnableIRQ
                0x000000000800041c       0x1c ./Libraries/STM32F4xx_HAL_Driver/Src/stm32f4xx_hal_cortex.o
                0x000000000800041c                HAL_NVIC_EnableIRQ
 .text.HAL_GPIO_Init
                0x0000000008000438      0x334 ./Libraries/STM32F4xx_HAL_Driver/Src/stm32f4xx_hal_gpio.o
                0x0000000008000438                HAL_GPIO_Init
 .text.HAL_GPIO_WritePin
                0x000000000800076c       0x30 ./Libraries/STM32F4xx_HAL_Driver/Src/stm32f4xx_hal_gpio.o
                0x000000000800076c                HAL_GPIO_WritePin
 .text.pvPortMalloc
                0x000000000800079c      0x11c ./FreeRTOS/Source/portable/GCC/MemMang/heap_2.o
                0x000000000800079c                pvPortMalloc
 .text.vPortFree
                0x00000000080008b8       0x74 ./FreeRTOS/Source/portable/GCC/MemMang/heap_2.o
                0x00000000080008b8                vPortFree
 .text.prvHeapInit
                0x000000000800092c       0x50 ./FreeRTOS/Source/portable/GCC/MemMang/heap_2.o
 .text.pxPortInitialiseStack
                0x000000000800097c       0x58 ./FreeRTOS/Source/portable/GCC/ARM_CM3/port.o
                0x000000000800097c                pxPortInitialiseStack
 .text.prvTaskExitError
                0x00000000080009d4       0x58 ./FreeRTOS/Source/portable/GCC/ARM_CM3/port.o
 *fill*         0x0000000008000a2c        0x4 
 .text.SVC_Handler
                0x0000000008000a30       0x28 ./FreeRTOS/Source/portable/GCC/ARM_CM3/port.o
                0x0000000008000a30                SVC_Handler
 .text.prvPortStartFirstTask
                0x0000000008000a58       0x24 ./FreeRTOS/Source/portable/GCC/ARM_CM3/port.o
 .text.xPortStartScheduler
                0x0000000008000a7c      0x104 ./FreeRTOS/Source/portable/GCC/ARM_CM3/port.o
                0x0000000008000a7c                xPortStartScheduler
 .text.vPortEnterCritical
                0x0000000008000b80       0x60 ./FreeRTOS/Source/portable/GCC/ARM_CM3/port.o
                0x0000000008000b80                vPortEnterCritical
 .text.vPortExitCritical
                0x0000000008000be0       0x50 ./FreeRTOS/Source/portable/GCC/ARM_CM3/port.o
                0x0000000008000be0                vPortExitCritical
 .text.PendSV_Handler
                0x0000000008000c30       0x48 ./FreeRTOS/Source/portable/GCC/ARM_CM3/port.o
                0x0000000008000c30                PendSV_Handler
 .text.SysTick_Handler
                0x0000000008000c78       0x44 ./FreeRTOS/Source/portable/GCC/ARM_CM3/port.o
                0x0000000008000c78                SysTick_Handler
 .text.vPortSetupTimerInterrupt
                0x0000000008000cbc       0x44 ./FreeRTOS/Source/portable/GCC/ARM_CM3/port.o
                0x0000000008000cbc                vPortSetupTimerInterrupt
 .text.vPortValidateInterruptPriority
                0x0000000008000d00       0x7c ./FreeRTOS/Source/portable/GCC/ARM_CM3/port.o
                0x0000000008000d00                vPortValidateInterruptPriority
 .text.vListInitialise
                0x0000000008000d7c       0x3e ./FreeRTOS/Source/list.o
                0x0000000008000d7c                vListInitialise
 .text.vListInitialiseItem
                0x0000000008000dba       0x18 ./FreeRTOS/Source/list.o
                0x0000000008000dba                vListInitialiseItem
 .text.vListInsertEnd
                0x0000000008000dd2       0x46 ./FreeRTOS/Source/list.o
                0x0000000008000dd2                vListInsertEnd
 .text.vListInsert
                0x0000000008000e18       0x70 ./FreeRTOS/Source/list.o
                0x0000000008000e18                vListInsert
 .text.uxListRemove
                0x0000000008000e88       0x52 ./FreeRTOS/Source/list.o
                0x0000000008000e88                uxListRemove
 *fill*         0x0000000008000eda        0x2 
 .text.xQueueGenericReset
                0x0000000008000edc       0xd0 ./FreeRTOS/Source/queue.o
                0x0000000008000edc                xQueueGenericReset
 .text.xQueueGenericCreate
                0x0000000008000fac       0xa0 ./FreeRTOS/Source/queue.o
                0x0000000008000fac                xQueueGenericCreate
 .text.prvInitialiseNewQueue
                0x000000000800104c       0x46 ./FreeRTOS/Source/queue.o
 .text.xQueueCreateCountingSemaphore
                0x0000000008001092       0x66 ./FreeRTOS/Source/queue.o
                0x0000000008001092                xQueueCreateCountingSemaphore
 .text.xQueueGenericSend
                0x00000000080010f8      0x1fc ./FreeRTOS/Source/queue.o
                0x00000000080010f8                xQueueGenericSend
 .text.xQueueGenericSendFromISR
                0x00000000080012f4      0x154 ./FreeRTOS/Source/queue.o
                0x00000000080012f4                xQueueGenericSendFromISR
 .text.xQueueGiveFromISR
                0x0000000008001448      0x138 ./FreeRTOS/Source/queue.o
                0x0000000008001448                xQueueGiveFromISR
 .text.xQueueReceive
                0x0000000008001580      0x1c0 ./FreeRTOS/Source/queue.o
                0x0000000008001580                xQueueReceive
 .text.xQueueSemaphoreTake
                0x0000000008001740      0x218 ./FreeRTOS/Source/queue.o
                0x0000000008001740                xQueueSemaphoreTake
 .text.xQueueReceiveFromISR
                0x0000000008001958      0x11e ./FreeRTOS/Source/queue.o
                0x0000000008001958                xQueueReceiveFromISR
 .text.prvGetDisinheritPriorityAfterTimeout
                0x0000000008001a76       0x2e ./FreeRTOS/Source/queue.o
 .text.prvCopyDataToQueue
                0x0000000008001aa4       0xd4 ./FreeRTOS/Source/queue.o
 .text.prvCopyDataFromQueue
                0x0000000008001b78       0x4c ./FreeRTOS/Source/queue.o
 .text.prvUnlockQueue
                0x0000000008001bc4       0xa4 ./FreeRTOS/Source/queue.o
 .text.prvIsQueueEmpty
                0x0000000008001c68       0x2c ./FreeRTOS/Source/queue.o
 .text.prvIsQueueFull
                0x0000000008001c94       0x30 ./FreeRTOS/Source/queue.o
 .text.vQueueAddToRegistry
                0x0000000008001cc4       0x50 ./FreeRTOS/Source/queue.o
                0x0000000008001cc4                vQueueAddToRegistry
 .text.vQueueWaitForMessageRestricted
                0x0000000008001d14       0x68 ./FreeRTOS/Source/queue.o
                0x0000000008001d14                vQueueWaitForMessageRestricted
 .text.xTaskCreate
                0x0000000008001d7c       0x82 ./FreeRTOS/Source/tasks.o
                0x0000000008001d7c                xTaskCreate
 .text.prvInitialiseNewTask
                0x0000000008001dfe      0x130 ./FreeRTOS/Source/tasks.o
 *fill*         0x0000000008001f2e        0x2 
 .text.prvAddNewTaskToReadyList
                0x0000000008001f30       0xe0 ./FreeRTOS/Source/tasks.o
 .text.vTaskDelayUntil
                0x0000000008002010       0xfc ./FreeRTOS/Source/tasks.o
                0x0000000008002010                vTaskDelayUntil
 .text.vTaskStartScheduler
                0x000000000800210c       0x9c ./FreeRTOS/Source/tasks.o
                0x000000000800210c                vTaskStartScheduler
 .text.vTaskSuspendAll
                0x00000000080021a8       0x1c ./FreeRTOS/Source/tasks.o
                0x00000000080021a8                vTaskSuspendAll
 .text.xTaskResumeAll
                0x00000000080021c4      0x13c ./FreeRTOS/Source/tasks.o
                0x00000000080021c4                xTaskResumeAll
 .text.xTaskGetTickCount
                0x0000000008002300       0x1c ./FreeRTOS/Source/tasks.o
                0x0000000008002300                xTaskGetTickCount
 .text.xTaskIncrementTick
                0x000000000800231c      0x174 ./FreeRTOS/Source/tasks.o
                0x000000000800231c                xTaskIncrementTick
 .text.vTaskSwitchContext
                0x0000000008002490       0xb8 ./FreeRTOS/Source/tasks.o
                0x0000000008002490                vTaskSwitchContext
 .text.vTaskPlaceOnEventList
                0x0000000008002548       0x48 ./FreeRTOS/Source/tasks.o
                0x0000000008002548                vTaskPlaceOnEventList
 .text.vTaskPlaceOnEventListRestricted
                0x0000000008002590       0x58 ./FreeRTOS/Source/tasks.o
                0x0000000008002590                vTaskPlaceOnEventListRestricted
 .text.xTaskRemoveFromEventList
                0x00000000080025e8       0xc8 ./FreeRTOS/Source/tasks.o
                0x00000000080025e8                xTaskRemoveFromEventList
 .text.vTaskInternalSetTimeOutState
                0x00000000080026b0       0x2c ./FreeRTOS/Source/tasks.o
                0x00000000080026b0                vTaskInternalSetTimeOutState
 .text.xTaskCheckForTimeOut
                0x00000000080026dc       0xcc ./FreeRTOS/Source/tasks.o
                0x00000000080026dc                xTaskCheckForTimeOut
 .text.vTaskMissedYield
                0x00000000080027a8       0x18 ./FreeRTOS/Source/tasks.o
                0x00000000080027a8                vTaskMissedYield
 .text.prvIdleTask
                0x00000000080027c0       0x30 ./FreeRTOS/Source/tasks.o
 .text.prvInitialiseTaskLists
                0x00000000080027f0       0x80 ./FreeRTOS/Source/tasks.o
 .text.prvCheckTasksWaitingTermination
                0x0000000008002870       0x5c ./FreeRTOS/Source/tasks.o
 .text.prvDeleteTCB
                0x00000000080028cc       0x20 ./FreeRTOS/Source/tasks.o
 .text.prvResetNextTaskUnblockTime
                0x00000000080028ec       0x34 ./FreeRTOS/Source/tasks.o
 .text.xTaskGetSchedulerState
                0x0000000008002920       0x3c ./FreeRTOS/Source/tasks.o
                0x0000000008002920                xTaskGetSchedulerState
 .text.xTaskPriorityInherit
                0x000000000800295c       0xd0 ./FreeRTOS/Source/tasks.o
                0x000000000800295c                xTaskPriorityInherit
 .text.xTaskPriorityDisinherit
                0x0000000008002a2c       0xdc ./FreeRTOS/Source/tasks.o
                0x0000000008002a2c                xTaskPriorityDisinherit
 .text.vTaskPriorityDisinheritAfterTimeout
                0x0000000008002b08      0x104 ./FreeRTOS/Source/tasks.o
                0x0000000008002b08                vTaskPriorityDisinheritAfterTimeout
 .text.pvTaskIncrementMutexHeldCount
                0x0000000008002c0c       0x28 ./FreeRTOS/Source/tasks.o
                0x0000000008002c0c                pvTaskIncrementMutexHeldCount
 .text.prvAddCurrentTaskToDelayedList
                0x0000000008002c34       0xa8 ./FreeRTOS/Source/tasks.o
 .text.xTimerCreateTimerTask
                0x0000000008002cdc       0x64 ./FreeRTOS/Source/timers.o
                0x0000000008002cdc                xTimerCreateTimerTask
 .text.xTimerGenericCommand
                0x0000000008002d40       0x9c ./FreeRTOS/Source/timers.o
                0x0000000008002d40                xTimerGenericCommand
 .text.prvProcessExpiredTimer
                0x0000000008002ddc       0x98 ./FreeRTOS/Source/timers.o
 .text.prvTimerTask
                0x0000000008002e74       0x24 ./FreeRTOS/Source/timers.o
 .text.prvProcessTimerOrBlockTask
                0x0000000008002e98       0x9c ./FreeRTOS/Source/timers.o
 .text.prvGetNextExpireTime
                0x0000000008002f34       0x44 ./FreeRTOS/Source/timers.o
 .text.prvSampleTimeNow
                0x0000000008002f78       0x40 ./FreeRTOS/Source/timers.o
 .text.prvInsertTimerInActiveList
                0x0000000008002fb8       0x84 ./FreeRTOS/Source/timers.o
 .text.prvProcessReceivedCommands
                0x000000000800303c      0x18c ./FreeRTOS/Source/timers.o
 .text.prvSwitchTimerLists
                0x00000000080031c8       0xc8 ./FreeRTOS/Source/timers.o
 .text.prvCheckForValidListAndQueue
                0x0000000008003290       0x6c ./FreeRTOS/Source/timers.o
 .text.EXTI0_IRQHandler
                0x00000000080032fc       0xa0 ./irq_FreeRTOS_qemu.o
                0x00000000080032fc                EXTI0_IRQHandler
 .text.xConsTask
                0x000000000800339c       0xd8 ./irq_FreeRTOS_qemu.o
                0x000000000800339c                xConsTask
 .text.main     0x0000000008003474       0x8c ./irq_FreeRTOS_qemu.o
                0x0000000008003474                main
 .text.Reset_Handler
                0x0000000008003500       0x50 ./startup_stm32f407xx.o
                0x0000000008003500                Reset_Handler
 .text.Default_Handler
                0x0000000008003550        0x2 ./startup_stm32f407xx.o
                0x0000000008003550                RTC_Alarm_IRQHandler
                0x0000000008003550                HASH_RNG_IRQHandler
                0x0000000008003550                EXTI2_IRQHandler
                0x0000000008003550                TIM8_CC_IRQHandler
                0x0000000008003550                DebugMon_Handler
                0x0000000008003550                TIM1_CC_IRQHandler
                0x0000000008003550                DMA2_Stream5_IRQHandler
                0x0000000008003550                HardFault_Handler
                0x0000000008003550                DMA1_Stream5_IRQHandler
                0x0000000008003550                PVD_IRQHandler
                0x0000000008003550                SDIO_IRQHandler
                0x0000000008003550                TAMP_STAMP_IRQHandler
                0x0000000008003550                NMI_Handler
                0x0000000008003550                CAN2_RX1_IRQHandler
                0x0000000008003550                EXTI3_IRQHandler
                0x0000000008003550                TIM8_TRG_COM_TIM14_IRQHandler
                0x0000000008003550                TIM1_UP_TIM10_IRQHandler
                0x0000000008003550                TIM8_UP_TIM13_IRQHandler
                0x0000000008003550                I2C3_ER_IRQHandler
                0x0000000008003550                I2C2_EV_IRQHandler
                0x0000000008003550                DMA1_Stream2_IRQHandler
                0x0000000008003550                CAN1_RX0_IRQHandler
                0x0000000008003550                FPU_IRQHandler
                0x0000000008003550                OTG_HS_WKUP_IRQHandler
                0x0000000008003550                UsageFault_Handler
                0x0000000008003550                CAN2_SCE_IRQHandler
                0x0000000008003550                DMA2_Stream2_IRQHandler
                0x0000000008003550                SPI1_IRQHandler
                0x0000000008003550                TIM6_DAC_IRQHandler
                0x0000000008003550                TIM1_BRK_TIM9_IRQHandler
                0x0000000008003550                DCMI_IRQHandler
                0x0000000008003550                CAN2_RX0_IRQHandler
                0x0000000008003550                DMA2_Stream3_IRQHandler
                0x0000000008003550                USART6_IRQHandler
                0x0000000008003550                USART3_IRQHandler
                0x0000000008003550                CAN1_RX1_IRQHandler
                0x0000000008003550                UART5_IRQHandler
                0x0000000008003550                DMA2_Stream0_IRQHandler
                0x0000000008003550                TIM4_IRQHandler
                0x0000000008003550                I2C1_EV_IRQHandler
                0x0000000008003550                DMA1_Stream6_IRQHandler
                0x0000000008003550                DMA1_Stream1_IRQHandler
                0x0000000008003550                UART4_IRQHandler
                0x0000000008003550                TIM3_IRQHandler
                0x0000000008003550                RCC_IRQHandler
                0x0000000008003550                TIM8_BRK_TIM12_IRQHandler
                0x0000000008003550                Default_Handler
                0x0000000008003550                EXTI15_10_IRQHandler
                0x0000000008003550                ADC_IRQHandler
                0x0000000008003550                DMA1_Stream7_IRQHandler
                0x0000000008003550                TIM7_IRQHandler
                0x0000000008003550                CAN2_TX_IRQHandler
                0x0000000008003550                TIM5_IRQHandler
                0x0000000008003550                DMA2_Stream7_IRQHandler
                0x0000000008003550                I2C3_EV_IRQHandler
                0x0000000008003550                EXTI9_5_IRQHandler
                0x0000000008003550                RTC_WKUP_IRQHandler
                0x0000000008003550                ETH_WKUP_IRQHandler
                0x0000000008003550                SPI2_IRQHandler
                0x0000000008003550                OTG_HS_EP1_IN_IRQHandler
                0x0000000008003550                MemManage_Handler
                0x0000000008003550                DMA1_Stream0_IRQHandler
                0x0000000008003550                CAN1_TX_IRQHandler
                0x0000000008003550                EXTI4_IRQHandler
                0x0000000008003550                FSMC_IRQHandler
                0x0000000008003550                ETH_IRQHandler
                0x0000000008003550                OTG_HS_EP1_OUT_IRQHandler
                0x0000000008003550                WWDG_IRQHandler
                0x0000000008003550                TIM2_IRQHandler
                0x0000000008003550                OTG_FS_WKUP_IRQHandler
                0x0000000008003550                TIM1_TRG_COM_TIM11_IRQHandler
                0x0000000008003550                OTG_HS_IRQHandler
                0x0000000008003550                EXTI1_IRQHandler
                0x0000000008003550                USART2_IRQHandler
                0x0000000008003550                I2C2_ER_IRQHandler
                0x0000000008003550                DMA2_Stream1_IRQHandler
                0x0000000008003550                CAN1_SCE_IRQHandler
                0x0000000008003550                FLASH_IRQHandler
                0x0000000008003550                DMA2_Stream4_IRQHandler
                0x0000000008003550                BusFault_Handler
                0x0000000008003550                USART1_IRQHandler
                0x0000000008003550                OTG_FS_IRQHandler
                0x0000000008003550                SPI3_IRQHandler
                0x0000000008003550                DMA1_Stream4_IRQHandler
                0x0000000008003550                I2C1_ER_IRQHandler
                0x0000000008003550                DMA2_Stream6_IRQHandler
                0x0000000008003550                DMA1_Stream3_IRQHandler
 *fill*         0x0000000008003552        0x2 
 .text.BSP_LED_Init
                0x0000000008003554       0xf0 ./stm32f4_discovery.o
                0x0000000008003554                BSP_LED_Init
 .text.BSP_LED_On
                0x0000000008003644       0x34 ./stm32f4_discovery.o
                0x0000000008003644                BSP_LED_On
 .text.BSP_LED_Off
                0x0000000008003678       0x34 ./stm32f4_discovery.o
                0x0000000008003678                BSP_LED_Off
 .text.BSP_PB_Init
                0x00000000080036ac       0xb4 ./stm32f4_discovery.o
                0x00000000080036ac                BSP_PB_Init
 .text.SystemInit
                0x0000000008003760       0x5c ./system_stm32f4xx.o
                0x0000000008003760                SystemInit
 .text.__libc_init_array
                0x00000000080037bc       0x48 c:/users/hviei/appdata/roaming/xpacks/@xpack-dev-tools/arm-none-eabi-gcc/9.3.1-1.2.1/.content/bin/../lib/gcc/arm-none-eabi/9.3.1/../../../../arm-none-eabi/lib/thumb/v7-m/nofp\libg_nano.a(lib_a-init.o)
                0x00000000080037bc                __libc_init_array
 .text.memcpy   0x0000000008003804       0x1c c:/users/hviei/appdata/roaming/xpacks/@xpack-dev-tools/arm-none-eabi-gcc/9.3.1-1.2.1/.content/bin/../lib/gcc/arm-none-eabi/9.3.1/../../../../arm-none-eabi/lib/thumb/v7-m/nofp\libg_nano.a(lib_a-memcpy-stub.o)
                0x0000000008003804                memcpy
 .text.memset   0x0000000008003820       0x10 c:/users/hviei/appdata/roaming/xpacks/@xpack-dev-tools/arm-none-eabi-gcc/9.3.1-1.2.1/.content/bin/../lib/gcc/arm-none-eabi/9.3.1/../../../../arm-none-eabi/lib/thumb/v7-m/nofp\libg_nano.a(lib_a-memset.o)
                0x0000000008003820                memset
 *(.glue_7)
 .glue_7        0x0000000008003830        0x0 linker stubs
 *(.glue_7t)
 .glue_7t       0x0000000008003830        0x0 linker stubs
 *(.eh_frame)
 .eh_frame      0x0000000008003830        0x0 c:/users/hviei/appdata/roaming/xpacks/@xpack-dev-tools/arm-none-eabi-gcc/9.3.1-1.2.1/.content/bin/../lib/gcc/arm-none-eabi/9.3.1/thumb/v7-m/nofp/crtbegin.o
 *(.init)
 .init          0x0000000008003830        0x4 c:/users/hviei/appdata/roaming/xpacks/@xpack-dev-tools/arm-none-eabi-gcc/9.3.1-1.2.1/.content/bin/../lib/gcc/arm-none-eabi/9.3.1/thumb/v7-m/nofp/crti.o
                0x0000000008003830                _init
 .init          0x0000000008003834        0x8 c:/users/hviei/appdata/roaming/xpacks/@xpack-dev-tools/arm-none-eabi-gcc/9.3.1-1.2.1/.content/bin/../lib/gcc/arm-none-eabi/9.3.1/thumb/v7-m/nofp/crtn.o
 *(.fini)
 .fini          0x000000000800383c        0x4 c:/users/hviei/appdata/roaming/xpacks/@xpack-dev-tools/arm-none-eabi-gcc/9.3.1-1.2.1/.content/bin/../lib/gcc/arm-none-eabi/9.3.1/thumb/v7-m/nofp/crti.o
                0x000000000800383c                _fini
 .fini          0x0000000008003840        0x8 c:/users/hviei/appdata/roaming/xpacks/@xpack-dev-tools/arm-none-eabi-gcc/9.3.1-1.2.1/.content/bin/../lib/gcc/arm-none-eabi/9.3.1/thumb/v7-m/nofp/crtn.o
                0x0000000008003848                . = ALIGN (0x4)
                0x0000000008003848                _etext = .

.vfp11_veneer   0x0000000008003848        0x0
 .vfp11_veneer  0x0000000008003848        0x0 linker stubs

.v4_bx          0x0000000008003848        0x0
 .v4_bx         0x0000000008003848        0x0 linker stubs

.iplt           0x0000000008003848        0x0
 .iplt          0x0000000008003848        0x0 c:/users/hviei/appdata/roaming/xpacks/@xpack-dev-tools/arm-none-eabi-gcc/9.3.1-1.2.1/.content/bin/../lib/gcc/arm-none-eabi/9.3.1/thumb/v7-m/nofp/crtbegin.o

.rodata         0x0000000008003848       0x7c
                0x0000000008003848                . = ALIGN (0x4)
 *(.rodata)
 .rodata        0x0000000008003848       0x2d ./system/src/diag/Trace.o
 *fill*         0x0000000008003875        0x3 
 .rodata        0x0000000008003878        0x5 ./FreeRTOS/Source/tasks.o
 *fill*         0x000000000800387d        0x3 
 .rodata        0x0000000008003880        0xd ./FreeRTOS/Source/timers.o
 *fill*         0x000000000800388d        0x3 
 .rodata        0x0000000008003890       0x29 ./irq_FreeRTOS_qemu.o
 *(.rodata*)
 *fill*         0x00000000080038b9        0x3 
 .rodata.GPIO_PIN
                0x00000000080038bc        0x8 ./stm32f4_discovery.o
                0x00000000080038bc                GPIO_PIN
                0x00000000080038c4                . = ALIGN (0x4)

.rel.dyn        0x00000000080038c4        0x0
 .rel.iplt      0x00000000080038c4        0x0 c:/users/hviei/appdata/roaming/xpacks/@xpack-dev-tools/arm-none-eabi-gcc/9.3.1-1.2.1/.content/bin/../lib/gcc/arm-none-eabi/9.3.1/thumb/v7-m/nofp/crtbegin.o

.ARM.extab
 *(.ARM.extab* .gnu.linkonce.armextab.*)

.ARM            0x00000000080038c4        0x0
                0x00000000080038c4                __exidx_start = .
 *(.ARM.exidx*)
                0x00000000080038c4                __exidx_end = .

.preinit_array  0x00000000080038c4        0x0
                0x00000000080038c4                PROVIDE (__preinit_array_start = .)
 *(.preinit_array*)
                0x00000000080038c4                PROVIDE (__preinit_array_end = .)

.init_array     0x00000000080038c4        0x4
                0x00000000080038c4                PROVIDE (__init_array_start = .)
 *(SORT_BY_NAME(.init_array.*))
 *(.init_array*)
 .init_array    0x00000000080038c4        0x4 c:/users/hviei/appdata/roaming/xpacks/@xpack-dev-tools/arm-none-eabi-gcc/9.3.1-1.2.1/.content/bin/../lib/gcc/arm-none-eabi/9.3.1/thumb/v7-m/nofp/crtbegin.o
                0x00000000080038c8                PROVIDE (__init_array_end = .)

.fini_array     0x00000000080038c8        0x4
                [!provide]                        PROVIDE (__fini_array_start = .)
 *(SORT_BY_NAME(.fini_array.*))
 *(.fini_array*)
 .fini_array    0x00000000080038c8        0x4 c:/users/hviei/appdata/roaming/xpacks/@xpack-dev-tools/arm-none-eabi-gcc/9.3.1-1.2.1/.content/bin/../lib/gcc/arm-none-eabi/9.3.1/thumb/v7-m/nofp/crtbegin.o
                [!provide]                        PROVIDE (__fini_array_end = .)
                0x00000000080038cc                _sidata = LOADADDR (.data)

.data           0x0000000020000000       0x24 load address 0x00000000080038cc
                0x0000000020000000                . = ALIGN (0x4)
                0x0000000020000000                _sdata = .
 *(.data)
 *(.data*)
 .data.xFreeBytesRemaining
                0x0000000020000000        0x4 ./FreeRTOS/Source/portable/GCC/MemMang/heap_2.o
 .data.uxCriticalNesting
                0x0000000020000004        0x4 ./FreeRTOS/Source/portable/GCC/ARM_CM3/port.o
 .data.count    0x0000000020000008        0x1 ./irq_FreeRTOS_qemu.o
                0x0000000020000008                count
 *fill*         0x0000000020000009        0x3 
 .data.GPIO_PORT
                0x000000002000000c       0x10 ./stm32f4_discovery.o
                0x000000002000000c                GPIO_PORT
 .data.BUTTON_PORT
                0x000000002000001c        0x4 ./stm32f4_discovery.o
                0x000000002000001c                BUTTON_PORT
 .data.SystemCoreClock
                0x0000000020000020        0x4 ./system_stm32f4xx.o
                0x0000000020000020                SystemCoreClock
                0x0000000020000024                . = ALIGN (0x4)
                0x0000000020000024                _edata = .
                0x00000000080038f0                _siccmram = LOADADDR (.ccmram)

.igot.plt       0x0000000020000024        0x0 load address 0x00000000080038f0
 .igot.plt      0x0000000020000024        0x0 c:/users/hviei/appdata/roaming/xpacks/@xpack-dev-tools/arm-none-eabi-gcc/9.3.1-1.2.1/.content/bin/../lib/gcc/arm-none-eabi/9.3.1/thumb/v7-m/nofp/crtbegin.o

.ccmram         0x0000000010000000        0x0 load address 0x00000000080038f0
                0x0000000010000000                . = ALIGN (0x4)
                0x0000000010000000                _sccmram = .
 *(.ccmram)
 *(.ccmram*)
                0x0000000010000000                . = ALIGN (0x4)
                0x0000000010000000                _eccmram = .
                0x0000000010000000                . = ALIGN (0x4)

.bss            0x0000000020000024    0x12dc8
                0x0000000020000024                _sbss = .
                0x0000000020000024                __bss_start__ = _sbss
 *(.bss)
 *(.bss*)
 .bss.completed.8914
                0x0000000020000024        0x1 c:/users/hviei/appdata/roaming/xpacks/@xpack-dev-tools/arm-none-eabi-gcc/9.3.1-1.2.1/.content/bin/../lib/gcc/arm-none-eabi/9.3.1/thumb/v7-m/nofp/crtbegin.o
 *fill*         0x0000000020000025        0x3 
 .bss.object.8919
                0x0000000020000028       0x18 c:/users/hviei/appdata/roaming/xpacks/@xpack-dev-tools/arm-none-eabi-gcc/9.3.1-1.2.1/.content/bin/../lib/gcc/arm-none-eabi/9.3.1/thumb/v7-m/nofp/crtbegin.o
 .bss.ucHeap    0x0000000020000040    0x12c00 ./FreeRTOS/Source/portable/GCC/MemMang/heap_2.o
 .bss.xStart    0x0000000020012c40        0x8 ./FreeRTOS/Source/portable/GCC/MemMang/heap_2.o
 .bss.xEnd      0x0000000020012c48        0x8 ./FreeRTOS/Source/portable/GCC/MemMang/heap_2.o
 .bss.xHeapHasBeenInitialised.5203
                0x0000000020012c50        0x4 ./FreeRTOS/Source/portable/GCC/MemMang/heap_2.o
 .bss.ucMaxSysCallPriority
                0x0000000020012c54        0x1 ./FreeRTOS/Source/portable/GCC/ARM_CM3/port.o
 *fill*         0x0000000020012c55        0x3 
 .bss.ulMaxPRIGROUPValue
                0x0000000020012c58        0x4 ./FreeRTOS/Source/portable/GCC/ARM_CM3/port.o
 .bss.pxCurrentTCB
                0x0000000020012c5c        0x4 ./FreeRTOS/Source/tasks.o
                0x0000000020012c5c                pxCurrentTCB
 .bss.pxReadyTasksLists
                0x0000000020012c60       0x64 ./FreeRTOS/Source/tasks.o
 .bss.xDelayedTaskList1
                0x0000000020012cc4       0x14 ./FreeRTOS/Source/tasks.o
 .bss.xDelayedTaskList2
                0x0000000020012cd8       0x14 ./FreeRTOS/Source/tasks.o
 .bss.pxDelayedTaskList
                0x0000000020012cec        0x4 ./FreeRTOS/Source/tasks.o
 .bss.pxOverflowDelayedTaskList
                0x0000000020012cf0        0x4 ./FreeRTOS/Source/tasks.o
 .bss.xPendingReadyList
                0x0000000020012cf4       0x14 ./FreeRTOS/Source/tasks.o
 .bss.xTasksWaitingTermination
                0x0000000020012d08       0x14 ./FreeRTOS/Source/tasks.o
 .bss.uxDeletedTasksWaitingCleanUp
                0x0000000020012d1c        0x4 ./FreeRTOS/Source/tasks.o
 .bss.xSuspendedTaskList
                0x0000000020012d20       0x14 ./FreeRTOS/Source/tasks.o
 .bss.uxCurrentNumberOfTasks
                0x0000000020012d34        0x4 ./FreeRTOS/Source/tasks.o
 .bss.xTickCount
                0x0000000020012d38        0x4 ./FreeRTOS/Source/tasks.o
 .bss.uxTopReadyPriority
                0x0000000020012d3c        0x4 ./FreeRTOS/Source/tasks.o
 .bss.xSchedulerRunning
                0x0000000020012d40        0x4 ./FreeRTOS/Source/tasks.o
 .bss.xPendedTicks
                0x0000000020012d44        0x4 ./FreeRTOS/Source/tasks.o
 .bss.xYieldPending
                0x0000000020012d48        0x4 ./FreeRTOS/Source/tasks.o
 .bss.xNumOfOverflows
                0x0000000020012d4c        0x4 ./FreeRTOS/Source/tasks.o
 .bss.uxTaskNumber
                0x0000000020012d50        0x4 ./FreeRTOS/Source/tasks.o
 .bss.xNextTaskUnblockTime
                0x0000000020012d54        0x4 ./FreeRTOS/Source/tasks.o
 .bss.xIdleTaskHandle
                0x0000000020012d58        0x4 ./FreeRTOS/Source/tasks.o
 .bss.uxSchedulerSuspended
                0x0000000020012d5c        0x4 ./FreeRTOS/Source/tasks.o
 .bss.xActiveTimerList1
                0x0000000020012d60       0x14 ./FreeRTOS/Source/timers.o
 .bss.xActiveTimerList2
                0x0000000020012d74       0x14 ./FreeRTOS/Source/timers.o
 .bss.pxCurrentTimerList
                0x0000000020012d88        0x4 ./FreeRTOS/Source/timers.o
 .bss.pxOverflowTimerList
                0x0000000020012d8c        0x4 ./FreeRTOS/Source/timers.o
 .bss.xTimerQueue
                0x0000000020012d90        0x4 ./FreeRTOS/Source/timers.o
 .bss.xTimerTaskHandle
                0x0000000020012d94        0x4 ./FreeRTOS/Source/timers.o
 .bss.xLastTime.5515
                0x0000000020012d98        0x4 ./FreeRTOS/Source/timers.o
 .bss.xSemFree  0x0000000020012d9c        0x4 ./irq_FreeRTOS_qemu.o
                0x0000000020012d9c                xSemFree
 .bss.xSemFull  0x0000000020012da0        0x4 ./irq_FreeRTOS_qemu.o
                0x0000000020012da0                xSemFull
 .bss.index_i   0x0000000020012da4        0x1 ./irq_FreeRTOS_qemu.o
                0x0000000020012da4                index_i
 *(COMMON)
 *fill*         0x0000000020012da5        0x3 
 COMMON         0x0000000020012da8       0x40 ./FreeRTOS/Source/queue.o
                0x0000000020012da8                xQueueRegistry
 COMMON         0x0000000020012de8        0x4 ./irq_FreeRTOS_qemu.o
                0x0000000020012de8                buffer
                0x0000000020012dec                . = ALIGN (0x4)
                0x0000000020012dec                _ebss = .
                0x0000000020012dec                __bss_end__ = _ebss

._user_heap_stack
                0x0000000020012dec      0x600
                0x0000000020012dec                . = ALIGN (0x4)
                [!provide]                        PROVIDE (end = .)
                [!provide]                        PROVIDE (_end = .)
                0x0000000020012fec                . = (. + _Min_Heap_Size)
 *fill*         0x0000000020012dec      0x200 
                0x00000000200133ec                . = (. + _Min_Stack_Size)
 *fill*         0x0000000020012fec      0x400 
                0x00000000200133ec                . = ALIGN (0x4)

/DISCARD/
 libc.a(*)
 libm.a(*)
 libgcc.a(*)

.ARM.attributes
                0x0000000000000000       0x2f
 *(.ARM.attributes)
 .ARM.attributes
                0x0000000000000000       0x1d c:/users/hviei/appdata/roaming/xpacks/@xpack-dev-tools/arm-none-eabi-gcc/9.3.1-1.2.1/.content/bin/../lib/gcc/arm-none-eabi/9.3.1/thumb/v7-m/nofp/crti.o
 .ARM.attributes
                0x000000000000001d       0x2d c:/users/hviei/appdata/roaming/xpacks/@xpack-dev-tools/arm-none-eabi-gcc/9.3.1-1.2.1/.content/bin/../lib/gcc/arm-none-eabi/9.3.1/thumb/v7-m/nofp/crtbegin.o
 .ARM.attributes
                0x000000000000004a       0x2d ./system/src/diag/Trace.o
 .ARM.attributes
                0x0000000000000077       0x2d ./system/src/diag/trace_impl.o
 .ARM.attributes
                0x00000000000000a4       0x2d ./Libraries/STM32F4xx_HAL_Driver/Src/stm32f4xx_hal_cortex.o
 .ARM.attributes
                0x00000000000000d1       0x2d ./Libraries/STM32F4xx_HAL_Driver/Src/stm32f4xx_hal_gpio.o
 .ARM.attributes
                0x00000000000000fe       0x2d ./FreeRTOS/Source/portable/GCC/MemMang/heap_2.o
 .ARM.attributes
                0x000000000000012b       0x2d ./FreeRTOS/Source/portable/GCC/ARM_CM3/port.o
 .ARM.attributes
                0x0000000000000158       0x2d ./FreeRTOS/Source/list.o
 .ARM.attributes
                0x0000000000000185       0x2d ./FreeRTOS/Source/queue.o
 .ARM.attributes
                0x00000000000001b2       0x2d ./FreeRTOS/Source/tasks.o
 .ARM.attributes
                0x00000000000001df       0x2d ./FreeRTOS/Source/timers.o
 .ARM.attributes
                0x000000000000020c       0x2d ./irq_FreeRTOS_qemu.o
 .ARM.attributes
                0x0000000000000239       0x21 ./startup_stm32f407xx.o
 .ARM.attributes
                0x000000000000025a       0x2d ./stm32f4_discovery.o
 .ARM.attributes
                0x0000000000000287       0x2d ./system_stm32f4xx.o
 .ARM.attributes
                0x00000000000002b4       0x2d c:/users/hviei/appdata/roaming/xpacks/@xpack-dev-tools/arm-none-eabi-gcc/9.3.1-1.2.1/.content/bin/../lib/gcc/arm-none-eabi/9.3.1/../../../../arm-none-eabi/lib/thumb/v7-m/nofp\libg_nano.a(lib_a-init.o)
 .ARM.attributes
                0x00000000000002e1       0x2d c:/users/hviei/appdata/roaming/xpacks/@xpack-dev-tools/arm-none-eabi-gcc/9.3.1-1.2.1/.content/bin/../lib/gcc/arm-none-eabi/9.3.1/../../../../arm-none-eabi/lib/thumb/v7-m/nofp\libg_nano.a(lib_a-memcpy-stub.o)
 .ARM.attributes
                0x000000000000030e       0x2d c:/users/hviei/appdata/roaming/xpacks/@xpack-dev-tools/arm-none-eabi-gcc/9.3.1-1.2.1/.content/bin/../lib/gcc/arm-none-eabi/9.3.1/../../../../arm-none-eabi/lib/thumb/v7-m/nofp\libg_nano.a(lib_a-memset.o)
 .ARM.attributes
                0x000000000000033b       0x17 c:/users/hviei/appdata/roaming/xpacks/@xpack-dev-tools/arm-none-eabi-gcc/9.3.1-1.2.1/.content/bin/../lib/gcc/arm-none-eabi/9.3.1/../../../../arm-none-eabi/lib/thumb/v7-m/nofp\libg_nano.a(lib_a-strlen.o)
 .ARM.attributes
                0x0000000000000352       0x1d c:/users/hviei/appdata/roaming/xpacks/@xpack-dev-tools/arm-none-eabi-gcc/9.3.1-1.2.1/.content/bin/../lib/gcc/arm-none-eabi/9.3.1/thumb/v7-m/nofp/crtn.o
OUTPUT(irq_FreeRTOS_qemu.elf elf32-littlearm)
LOAD linker stubs
LOAD c:/users/hviei/appdata/roaming/xpacks/@xpack-dev-tools/arm-none-eabi-gcc/9.3.1-1.2.1/.content/bin/../lib/gcc/arm-none-eabi/9.3.1/../../../../arm-none-eabi/lib/thumb/v7-m/nofp\libc.a
LOAD c:/users/hviei/appdata/roaming/xpacks/@xpack-dev-tools/arm-none-eabi-gcc/9.3.1-1.2.1/.content/bin/../lib/gcc/arm-none-eabi/9.3.1/../../../../arm-none-eabi/lib/thumb/v7-m/nofp\libm.a
LOAD c:/users/hviei/appdata/roaming/xpacks/@xpack-dev-tools/arm-none-eabi-gcc/9.3.1-1.2.1/.content/bin/../lib/gcc/arm-none-eabi/9.3.1/thumb/v7-m/nofp\libgcc.a

.debug_info     0x0000000000000000     0xc115
 .debug_info    0x0000000000000000      0xaa4 ./system/src/diag/Trace.o
 .debug_info    0x0000000000000aa4      0x3d5 ./system/src/diag/trace_impl.o
 .debug_info    0x0000000000000e79      0xe80 ./Libraries/STM32F4xx_HAL_Driver/Src/stm32f4xx_hal_cortex.o
 .debug_info    0x0000000000001cf9      0x7d7 ./Libraries/STM32F4xx_HAL_Driver/Src/stm32f4xx_hal_gpio.o
 .debug_info    0x00000000000024d0      0xbf4 ./FreeRTOS/Source/portable/GCC/MemMang/heap_2.o
 .debug_info    0x00000000000030c4      0x501 ./FreeRTOS/Source/portable/GCC/ARM_CM3/port.o
 .debug_info    0x00000000000035c5      0xbe1 ./FreeRTOS/Source/list.o
 .debug_info    0x00000000000041a6     0x2003 ./FreeRTOS/Source/queue.o
 .debug_info    0x00000000000061a9     0x2956 ./FreeRTOS/Source/tasks.o
 .debug_info    0x0000000000008aff     0x15ae ./FreeRTOS/Source/timers.o
 .debug_info    0x000000000000a0ad      0x57c ./irq_FreeRTOS_qemu.o
 .debug_info    0x000000000000a629       0x22 ./startup_stm32f407xx.o
 .debug_info    0x000000000000a64b     0x157d ./stm32f4_discovery.o
 .debug_info    0x000000000000bbc8      0x54d ./system_stm32f4xx.o

.debug_abbrev   0x0000000000000000     0x2053
 .debug_abbrev  0x0000000000000000      0x256 ./system/src/diag/Trace.o
 .debug_abbrev  0x0000000000000256      0x1db ./system/src/diag/trace_impl.o
 .debug_abbrev  0x0000000000000431      0x33c ./Libraries/STM32F4xx_HAL_Driver/Src/stm32f4xx_hal_cortex.o
 .debug_abbrev  0x000000000000076d      0x1f1 ./Libraries/STM32F4xx_HAL_Driver/Src/stm32f4xx_hal_gpio.o
 .debug_abbrev  0x000000000000095e      0x296 ./FreeRTOS/Source/portable/GCC/MemMang/heap_2.o
 .debug_abbrev  0x0000000000000bf4      0x241 ./FreeRTOS/Source/portable/GCC/ARM_CM3/port.o
 .debug_abbrev  0x0000000000000e35      0x235 ./FreeRTOS/Source/list.o
 .debug_abbrev  0x000000000000106a      0x371 ./FreeRTOS/Source/queue.o
 .debug_abbrev  0x00000000000013db      0x3d6 ./FreeRTOS/Source/tasks.o
 .debug_abbrev  0x00000000000017b1      0x33b ./FreeRTOS/Source/timers.o
 .debug_abbrev  0x0000000000001aec      0x17c ./irq_FreeRTOS_qemu.o
 .debug_abbrev  0x0000000000001c68       0x12 ./startup_stm32f407xx.o
 .debug_abbrev  0x0000000000001c7a      0x2b0 ./stm32f4_discovery.o
 .debug_abbrev  0x0000000000001f2a      0x129 ./system_stm32f4xx.o

.debug_aranges  0x0000000000000000      0x828
 .debug_aranges
                0x0000000000000000       0x38 ./system/src/diag/Trace.o
 .debug_aranges
                0x0000000000000038       0x30 ./system/src/diag/trace_impl.o
 .debug_aranges
                0x0000000000000068      0x118 ./Libraries/STM32F4xx_HAL_Driver/Src/stm32f4xx_hal_cortex.o
 .debug_aranges
                0x0000000000000180       0x58 ./Libraries/STM32F4xx_HAL_Driver/Src/stm32f4xx_hal_gpio.o
 .debug_aranges
                0x00000000000001d8       0x40 ./FreeRTOS/Source/portable/GCC/MemMang/heap_2.o
 .debug_aranges
                0x0000000000000218       0x78 ./FreeRTOS/Source/portable/GCC/ARM_CM3/port.o
 .debug_aranges
                0x0000000000000290       0x40 ./FreeRTOS/Source/list.o
 .debug_aranges
                0x00000000000002d0      0x130 ./FreeRTOS/Source/queue.o
 .debug_aranges
                0x0000000000000400      0x1f8 ./FreeRTOS/Source/tasks.o
 .debug_aranges
                0x00000000000005f8       0xd8 ./FreeRTOS/Source/timers.o
 .debug_aranges
                0x00000000000006d0       0x30 ./irq_FreeRTOS_qemu.o
 .debug_aranges
                0x0000000000000700       0x28 ./startup_stm32f407xx.o
 .debug_aranges
                0x0000000000000728       0xd8 ./stm32f4_discovery.o
 .debug_aranges
                0x0000000000000800       0x28 ./system_stm32f4xx.o

.debug_ranges   0x0000000000000000      0x750
 .debug_ranges  0x0000000000000000       0x28 ./system/src/diag/Trace.o
 .debug_ranges  0x0000000000000028       0x20 ./system/src/diag/trace_impl.o
 .debug_ranges  0x0000000000000048      0x108 ./Libraries/STM32F4xx_HAL_Driver/Src/stm32f4xx_hal_cortex.o
 .debug_ranges  0x0000000000000150       0x48 ./Libraries/STM32F4xx_HAL_Driver/Src/stm32f4xx_hal_gpio.o
 .debug_ranges  0x0000000000000198       0x30 ./FreeRTOS/Source/portable/GCC/MemMang/heap_2.o
 .debug_ranges  0x00000000000001c8       0x68 ./FreeRTOS/Source/portable/GCC/ARM_CM3/port.o
 .debug_ranges  0x0000000000000230       0x30 ./FreeRTOS/Source/list.o
 .debug_ranges  0x0000000000000260      0x120 ./FreeRTOS/Source/queue.o
 .debug_ranges  0x0000000000000380      0x1e8 ./FreeRTOS/Source/tasks.o
 .debug_ranges  0x0000000000000568       0xc8 ./FreeRTOS/Source/timers.o
 .debug_ranges  0x0000000000000630       0x20 ./irq_FreeRTOS_qemu.o
 .debug_ranges  0x0000000000000650       0x20 ./startup_stm32f407xx.o
 .debug_ranges  0x0000000000000670       0xc8 ./stm32f4_discovery.o
 .debug_ranges  0x0000000000000738       0x18 ./system_stm32f4xx.o

.debug_macro    0x0000000000000000    0x22255
 .debug_macro   0x0000000000000000      0x1f5 ./system/src/diag/Trace.o
 .debug_macro   0x00000000000001f5      0xaa2 ./system/src/diag/Trace.o
 .debug_macro   0x0000000000000c97       0x22 ./system/src/diag/Trace.o
 .debug_macro   0x0000000000000cb9       0x64 ./system/src/diag/Trace.o
 .debug_macro   0x0000000000000d1d       0x18 ./system/src/diag/Trace.o
 .debug_macro   0x0000000000000d35       0x94 ./system/src/diag/Trace.o
 .debug_macro   0x0000000000000dc9       0x35 ./system/src/diag/Trace.o
 .debug_macro   0x0000000000000dfe       0x34 ./system/src/diag/Trace.o
 .debug_macro   0x0000000000000e32       0x16 ./system/src/diag/Trace.o
 .debug_macro   0x0000000000000e48       0x57 ./system/src/diag/Trace.o
 .debug_macro   0x0000000000000e9f       0x97 ./system/src/diag/Trace.o
 .debug_macro   0x0000000000000f36      0x339 ./system/src/diag/Trace.o
 .debug_macro   0x000000000000126f       0xfd ./system/src/diag/Trace.o
 .debug_macro   0x000000000000136c       0x10 ./system/src/diag/Trace.o
 .debug_macro   0x000000000000137c       0x16 ./system/src/diag/Trace.o
 .debug_macro   0x0000000000001392       0x43 ./system/src/diag/Trace.o
 .debug_macro   0x00000000000013d5       0x34 ./system/src/diag/Trace.o
 .debug_macro   0x0000000000001409       0x10 ./system/src/diag/Trace.o
 .debug_macro   0x0000000000001419       0x58 ./system/src/diag/Trace.o
 .debug_macro   0x0000000000001471      0x182 ./system/src/diag/Trace.o
 .debug_macro   0x00000000000015f3       0x10 ./system/src/diag/Trace.o
 .debug_macro   0x0000000000001603       0x6a ./system/src/diag/Trace.o
 .debug_macro   0x000000000000166d       0x1c ./system/src/diag/Trace.o
 .debug_macro   0x0000000000001689       0x52 ./system/src/diag/Trace.o
 .debug_macro   0x00000000000016db       0x22 ./system/src/diag/Trace.o
 .debug_macro   0x00000000000016fd       0x10 ./system/src/diag/Trace.o
 .debug_macro   0x000000000000170d       0x40 ./system/src/diag/Trace.o
 .debug_macro   0x000000000000174d       0xd5 ./system/src/diag/Trace.o
 .debug_macro   0x0000000000001822       0x1c ./system/src/diag/Trace.o
 .debug_macro   0x000000000000183e       0x3d ./system/src/diag/Trace.o
 .debug_macro   0x000000000000187b       0x16 ./system/src/diag/Trace.o
 .debug_macro   0x0000000000001891      0x16f ./system/src/diag/Trace.o
 .debug_macro   0x0000000000001a00       0x4c ./system/src/diag/Trace.o
 .debug_macro   0x0000000000001a4c       0x16 ./system/src/diag/Trace.o
 .debug_macro   0x0000000000001a62       0x35 ./system/src/diag/Trace.o
 .debug_macro   0x0000000000001a97      0x51a ./system/src/diag/Trace.o
 .debug_macro   0x0000000000001fb1       0x16 ./system/src/diag/Trace.o
 .debug_macro   0x0000000000001fc7      0x2e7 ./system/src/diag/trace_impl.o
 .debug_macro   0x00000000000022ae       0x32 ./system/src/diag/trace_impl.o
 .debug_macro   0x00000000000022e0       0x2f ./system/src/diag/trace_impl.o
 .debug_macro   0x000000000000230f       0x8e ./system/src/diag/trace_impl.o
 .debug_macro   0x000000000000239d       0x51 ./system/src/diag/trace_impl.o
 .debug_macro   0x00000000000023ee      0x103 ./system/src/diag/trace_impl.o
 .debug_macro   0x00000000000024f1      0x1df ./system/src/diag/trace_impl.o
 .debug_macro   0x00000000000026d0       0x1c ./system/src/diag/trace_impl.o
 .debug_macro   0x00000000000026ec       0x22 ./system/src/diag/trace_impl.o
 .debug_macro   0x000000000000270e       0xc3 ./system/src/diag/trace_impl.o
 .debug_macro   0x00000000000027d1     0x102d ./system/src/diag/trace_impl.o
 .debug_macro   0x00000000000037fe      0x11f ./system/src/diag/trace_impl.o
 .debug_macro   0x000000000000391d    0x15e43 ./system/src/diag/trace_impl.o
 .debug_macro   0x0000000000019760       0x43 ./system/src/diag/trace_impl.o
 .debug_macro   0x00000000000197a3      0x2bb ./system/src/diag/trace_impl.o
 .debug_macro   0x0000000000019a5e     0x35d4 ./system/src/diag/trace_impl.o
 .debug_macro   0x000000000001d032      0x174 ./system/src/diag/trace_impl.o
 .debug_macro   0x000000000001d1a6       0x5a ./system/src/diag/trace_impl.o
 .debug_macro   0x000000000001d200      0x96b ./system/src/diag/trace_impl.o
 .debug_macro   0x000000000001db6b      0x9fe ./system/src/diag/trace_impl.o
 .debug_macro   0x000000000001e569      0x117 ./system/src/diag/trace_impl.o
 .debug_macro   0x000000000001e680      0x13e ./system/src/diag/trace_impl.o
 .debug_macro   0x000000000001e7be       0x27 ./system/src/diag/trace_impl.o
 .debug_macro   0x000000000001e7e5      0x287 ./system/src/diag/trace_impl.o
 .debug_macro   0x000000000001ea6c       0x5f ./system/src/diag/trace_impl.o
 .debug_macro   0x000000000001eacb      0x236 ./system/src/diag/trace_impl.o
 .debug_macro   0x000000000001ed01      0x12c ./system/src/diag/trace_impl.o
 .debug_macro   0x000000000001ee2d      0x21e ./system/src/diag/trace_impl.o
 .debug_macro   0x000000000001f04b       0x2e ./system/src/diag/trace_impl.o
 .debug_macro   0x000000000001f079      0x1ae ./system/src/diag/trace_impl.o
 .debug_macro   0x000000000001f227       0xd6 ./system/src/diag/trace_impl.o
 .debug_macro   0x000000000001f2fd      0x225 ./system/src/diag/trace_impl.o
 .debug_macro   0x000000000001f522      0x12d ./system/src/diag/trace_impl.o
 .debug_macro   0x000000000001f64f       0x6a ./system/src/diag/trace_impl.o
 .debug_macro   0x000000000001f6b9       0x10 ./system/src/diag/trace_impl.o
 .debug_macro   0x000000000001f6c9      0x333 ./system/src/diag/trace_impl.o
 .debug_macro   0x000000000001f9fc       0x22 ./system/src/diag/trace_impl.o
 .debug_macro   0x000000000001fa1e      0x1b1 ./Libraries/STM32F4xx_HAL_Driver/Src/stm32f4xx_hal_cortex.o
 .debug_macro   0x000000000001fbcf      0x1e7 ./Libraries/STM32F4xx_HAL_Driver/Src/stm32f4xx_hal_gpio.o
 .debug_macro   0x000000000001fdb6      0x1b5 ./FreeRTOS/Source/portable/GCC/MemMang/heap_2.o
 .debug_macro   0x000000000001ff6b       0x16 ./FreeRTOS/Source/portable/GCC/MemMang/heap_2.o
 .debug_macro   0x000000000001ff81      0x10e ./FreeRTOS/Source/portable/GCC/MemMang/heap_2.o
 .debug_macro   0x000000000002008f       0x8d ./FreeRTOS/Source/portable/GCC/MemMang/heap_2.o
 .debug_macro   0x000000000002011c       0x16 ./FreeRTOS/Source/portable/GCC/MemMang/heap_2.o
 .debug_macro   0x0000000000020132       0x29 ./FreeRTOS/Source/portable/GCC/MemMang/heap_2.o
 .debug_macro   0x000000000002015b      0x144 ./FreeRTOS/Source/portable/GCC/MemMang/heap_2.o
 .debug_macro   0x000000000002029f      0x15a ./FreeRTOS/Source/portable/GCC/MemMang/heap_2.o
 .debug_macro   0x00000000000203f9       0xcf ./FreeRTOS/Source/portable/GCC/MemMang/heap_2.o
 .debug_macro   0x00000000000204c8       0x1c ./FreeRTOS/Source/portable/GCC/MemMang/heap_2.o
 .debug_macro   0x00000000000204e4       0x26 ./FreeRTOS/Source/portable/GCC/MemMang/heap_2.o
 .debug_macro   0x000000000002050a      0x41e ./FreeRTOS/Source/portable/GCC/MemMang/heap_2.o
 .debug_macro   0x0000000000020928       0xb5 ./FreeRTOS/Source/portable/GCC/MemMang/heap_2.o
 .debug_macro   0x00000000000209dd      0x119 ./FreeRTOS/Source/portable/GCC/MemMang/heap_2.o
 .debug_macro   0x0000000000020af6      0x182 ./FreeRTOS/Source/portable/GCC/ARM_CM3/port.o
 .debug_macro   0x0000000000020c78      0x194 ./FreeRTOS/Source/list.o
 .debug_macro   0x0000000000020e0c      0x218 ./FreeRTOS/Source/queue.o
 .debug_macro   0x0000000000021024       0x80 ./FreeRTOS/Source/queue.o
 .debug_macro   0x00000000000210a4      0x27b ./FreeRTOS/Source/tasks.o
 .debug_macro   0x000000000002131f       0x91 ./FreeRTOS/Source/tasks.o
 .debug_macro   0x00000000000213b0       0x10 ./FreeRTOS/Source/tasks.o
 .debug_macro   0x00000000000213c0      0x1dd ./FreeRTOS/Source/timers.o
 .debug_macro   0x000000000002159d       0x97 ./FreeRTOS/Source/timers.o
 .debug_macro   0x0000000000021634      0x36f ./irq_FreeRTOS_qemu.o
 .debug_macro   0x00000000000219a3       0xcf ./irq_FreeRTOS_qemu.o
 .debug_macro   0x0000000000021a72       0x20 ./irq_FreeRTOS_qemu.o
 .debug_macro   0x0000000000021a92       0xbe ./irq_FreeRTOS_qemu.o
 .debug_macro   0x0000000000021b50       0xbd ./irq_FreeRTOS_qemu.o
 .debug_macro   0x0000000000021c0d       0x54 ./irq_FreeRTOS_qemu.o
 .debug_macro   0x0000000000021c61      0x1e1 ./irq_FreeRTOS_qemu.o
 .debug_macro   0x0000000000021e42       0x7e ./irq_FreeRTOS_qemu.o
 .debug_macro   0x0000000000021ec0      0x1de ./stm32f4_discovery.o
 .debug_macro   0x000000000002209e      0x1b7 ./system_stm32f4xx.o

.debug_line     0x0000000000000000     0x908a
 .debug_line    0x0000000000000000      0x4d1 ./system/src/diag/Trace.o
 .debug_line    0x00000000000004d1      0x8f8 ./system/src/diag/trace_impl.o
 .debug_line    0x0000000000000dc9      0xc1d ./Libraries/STM32F4xx_HAL_Driver/Src/stm32f4xx_hal_cortex.o
 .debug_line    0x00000000000019e6      0xaf4 ./Libraries/STM32F4xx_HAL_Driver/Src/stm32f4xx_hal_gpio.o
 .debug_line    0x00000000000024da      0x675 ./FreeRTOS/Source/portable/GCC/MemMang/heap_2.o
 .debug_line    0x0000000000002b4f      0x777 ./FreeRTOS/Source/portable/GCC/ARM_CM3/port.o
 .debug_line    0x00000000000032c6      0x60f ./FreeRTOS/Source/list.o
 .debug_line    0x00000000000038d5     0x14a1 ./FreeRTOS/Source/queue.o
 .debug_line    0x0000000000004d76     0x1c0b ./FreeRTOS/Source/tasks.o
 .debug_line    0x0000000000006981      0xb6a ./FreeRTOS/Source/timers.o
 .debug_line    0x00000000000074eb      0x9fb ./irq_FreeRTOS_qemu.o
 .debug_line    0x0000000000007ee6       0x77 ./startup_stm32f407xx.o
 .debug_line    0x0000000000007f5d      0xa12 ./stm32f4_discovery.o
 .debug_line    0x000000000000896f      0x71b ./system_stm32f4xx.o

.debug_str      0x0000000000000000    0xca8ac
 .debug_str     0x0000000000000000     0x8130 ./system/src/diag/Trace.o
                                       0x833b (size before relaxing)
 .debug_str     0x0000000000008130    0xb7789 ./system/src/diag/trace_impl.o
                                      0xbdfb3 (size before relaxing)
 .debug_str     0x00000000000bf8b9      0x8dd ./Libraries/STM32F4xx_HAL_Driver/Src/stm32f4xx_hal_cortex.o
                                      0xbb5a7 (size before relaxing)
 .debug_str     0x00000000000c0196      0x38b ./Libraries/STM32F4xx_HAL_Driver/Src/stm32f4xx_hal_gpio.o
                                      0xbaf2a (size before relaxing)
 .debug_str     0x00000000000c0521     0x4ac6 ./FreeRTOS/Source/portable/GCC/MemMang/heap_2.o
                                       0xb6db (size before relaxing)
 .debug_str     0x00000000000c4fe7      0x759 ./FreeRTOS/Source/portable/GCC/ARM_CM3/port.o
                                       0x8de1 (size before relaxing)
 .debug_str     0x00000000000c5740      0x12c ./FreeRTOS/Source/list.o
                                       0xa2cb (size before relaxing)
 .debug_str     0x00000000000c586c      0xff4 ./FreeRTOS/Source/queue.o
                                       0xc4ba (size before relaxing)
 .debug_str     0x00000000000c6860     0x1b7b ./FreeRTOS/Source/tasks.o
                                       0xd15b (size before relaxing)
 .debug_str     0x00000000000c83db      0x545 ./FreeRTOS/Source/timers.o
                                       0xc8ea (size before relaxing)
 .debug_str     0x00000000000c8920     0x14fd ./irq_FreeRTOS_qemu.o
                                      0xc3fb6 (size before relaxing)
 .debug_str     0x00000000000c9e1d       0x27 ./startup_stm32f407xx.o
                                         0x60 (size before relaxing)
 .debug_str     0x00000000000c9e44      0xa01 ./stm32f4_discovery.o
                                      0xbc9ab (size before relaxing)
 .debug_str     0x00000000000ca845       0x67 ./system_stm32f4xx.o
                                      0xbace0 (size before relaxing)

.comment        0x0000000000000000       0x43
 .comment       0x0000000000000000       0x43 ./system/src/diag/Trace.o
                                         0x44 (size before relaxing)
 .comment       0x0000000000000043       0x44 ./system/src/diag/trace_impl.o
 .comment       0x0000000000000043       0x44 ./Libraries/STM32F4xx_HAL_Driver/Src/stm32f4xx_hal_cortex.o
 .comment       0x0000000000000043       0x44 ./Libraries/STM32F4xx_HAL_Driver/Src/stm32f4xx_hal_gpio.o
 .comment       0x0000000000000043       0x44 ./FreeRTOS/Source/portable/GCC/MemMang/heap_2.o
 .comment       0x0000000000000043       0x44 ./FreeRTOS/Source/portable/GCC/ARM_CM3/port.o
 .comment       0x0000000000000043       0x44 ./FreeRTOS/Source/list.o
 .comment       0x0000000000000043       0x44 ./FreeRTOS/Source/queue.o
 .comment       0x0000000000000043       0x44 ./FreeRTOS/Source/tasks.o
 .comment       0x0000000000000043       0x44 ./FreeRTOS/Source/timers.o
 .comment       0x0000000000000043       0x44 ./irq_FreeRTOS_qemu.o
 .comment       0x0000000000000043       0x44 ./stm32f4_discovery.o
 .comment       0x0000000000000043       0x44 ./system_stm32f4xx.o

.debug_frame    0x0000000000000000     0x2028
 .debug_frame   0x0000000000000000       0xb8 ./system/src/diag/Trace.o
 .debug_frame   0x00000000000000b8       0x7c ./system/src/diag/trace_impl.o
 .debug_frame   0x0000000000000134      0x498 ./Libraries/STM32F4xx_HAL_Driver/Src/stm32f4xx_hal_cortex.o
 .debug_frame   0x00000000000005cc      0x14c ./Libraries/STM32F4xx_HAL_Driver/Src/stm32f4xx_hal_gpio.o
 .debug_frame   0x0000000000000718       0xc0 ./FreeRTOS/Source/portable/GCC/MemMang/heap_2.o
 .debug_frame   0x00000000000007d8      0x198 ./FreeRTOS/Source/portable/GCC/ARM_CM3/port.o
 .debug_frame   0x0000000000000970       0xd8 ./FreeRTOS/Source/list.o
 .debug_frame   0x0000000000000a48      0x534 ./FreeRTOS/Source/queue.o
 .debug_frame   0x0000000000000f7c      0x894 ./FreeRTOS/Source/tasks.o
 .debug_frame   0x0000000000001810      0x38c ./FreeRTOS/Source/timers.o
 .debug_frame   0x0000000000001b9c       0x70 ./irq_FreeRTOS_qemu.o
 .debug_frame   0x0000000000001c0c      0x350 ./stm32f4_discovery.o
 .debug_frame   0x0000000000001f5c       0x58 ./system_stm32f4xx.o
 .debug_frame   0x0000000000001fb4       0x2c c:/users/hviei/appdata/roaming/xpacks/@xpack-dev-tools/arm-none-eabi-gcc/9.3.1-1.2.1/.content/bin/../lib/gcc/arm-none-eabi/9.3.1/../../../../arm-none-eabi/lib/thumb/v7-m/nofp\libg_nano.a(lib_a-init.o)
 .debug_frame   0x0000000000001fe0       0x28 c:/users/hviei/appdata/roaming/xpacks/@xpack-dev-tools/arm-none-eabi-gcc/9.3.1-1.2.1/.content/bin/../lib/gcc/arm-none-eabi/9.3.1/../../../../arm-none-eabi/lib/thumb/v7-m/nofp\libg_nano.a(lib_a-memcpy-stub.o)
 .debug_frame   0x0000000000002008       0x20 c:/users/hviei/appdata/roaming/xpacks/@xpack-dev-tools/arm-none-eabi-gcc/9.3.1-1.2.1/.content/bin/../lib/gcc/arm-none-eabi/9.3.1/../../../../arm-none-eabi/lib/thumb/v7-m/nofp\libg_nano.a(lib_a-memset.o)
